<title>Vdbench output/config.html</title><pre>
Output from script /home/amjed/vdbench/linux/config.sh: 

stderr: /home/amjed/vdbench/linux/config.sh: line 17: ifconfig: command not found
Monday 14 November 2022 07:04:19 PM IST
>>>>>uname -a
Linux amjed-OptiPlex-3020 5.15.0-43-generic #46-Ubuntu SMP Tue Jul 12 10:30:17 UTC 2022 x86_64 x86_64 x86_64 GNU/Linux
Monday 14 November 2022 07:04:19 PM IST
>>>>>ifconfig -a
Monday 14 November 2022 07:04:19 PM IST
>>>>>id
uid=0(root) gid=0(root) groups=0(root)
Monday 14 November 2022 07:04:19 PM IST
>>>>>mount
sysfs on /sys type sysfs (rw,nosuid,nodev,noexec,relatime)
proc on /proc type proc (rw,nosuid,nodev,noexec,relatime)
udev on /dev type devtmpfs (rw,nosuid,relatime,size=1933460k,nr_inodes=483365,mode=755,inode64)
devpts on /dev/pts type devpts (rw,nosuid,noexec,relatime,gid=5,mode=620,ptmxmode=000)
tmpfs on /run type tmpfs (rw,nosuid,nodev,noexec,relatime,size=393632k,mode=755,inode64)
/dev/sda2 on / type ext4 (rw,relatime,errors=remount-ro)
securityfs on /sys/kernel/security type securityfs (rw,nosuid,nodev,noexec,relatime)
tmpfs on /dev/shm type tmpfs (rw,nosuid,nodev,inode64)
tmpfs on /run/lock type tmpfs (rw,nosuid,nodev,noexec,relatime,size=5120k,inode64)
cgroup2 on /sys/fs/cgroup type cgroup2 (rw,nosuid,nodev,noexec,relatime,nsdelegate,memory_recursiveprot)
pstore on /sys/fs/pstore type pstore (rw,nosuid,nodev,noexec,relatime)
efivarfs on /sys/firmware/efi/efivars type efivarfs (rw,nosuid,nodev,noexec,relatime)
bpf on /sys/fs/bpf type bpf (rw,nosuid,nodev,noexec,relatime,mode=700)
systemd-1 on /proc/sys/fs/binfmt_misc type autofs (rw,relatime,fd=29,pgrp=1,timeout=0,minproto=5,maxproto=5,direct,pipe_ino=17691)
mqueue on /dev/mqueue type mqueue (rw,nosuid,nodev,noexec,relatime)
debugfs on /sys/kernel/debug type debugfs (rw,nosuid,nodev,noexec,relatime)
hugetlbfs on /dev/hugepages type hugetlbfs (rw,relatime,pagesize=2M)
tracefs on /sys/kernel/tracing type tracefs (rw,nosuid,nodev,noexec,relatime)
fusectl on /sys/fs/fuse/connections type fusectl (rw,nosuid,nodev,noexec,relatime)
configfs on /sys/kernel/config type configfs (rw,nosuid,nodev,noexec,relatime)
none on /run/credentials/systemd-sysusers.service type ramfs (ro,nosuid,nodev,noexec,relatime,mode=700)
/var/lib/snapd/snaps/bare_5.snap on /snap/bare/5 type squashfs (ro,nodev,relatime,errors=continue,x-gdu.hide)
/var/lib/snapd/snaps/snapd-desktop-integration_14.snap on /snap/snapd-desktop-integration/14 type squashfs (ro,nodev,relatime,errors=continue,x-gdu.hide)
/var/lib/snapd/snaps/gtk-common-themes_1535.snap on /snap/gtk-common-themes/1535 type squashfs (ro,nodev,relatime,errors=continue,x-gdu.hide)
/var/lib/snapd/snaps/gnome-3-38-2004_112.snap on /snap/gnome-3-38-2004/112 type squashfs (ro,nodev,relatime,errors=continue,x-gdu.hide)
/var/lib/snapd/snaps/snap-store_582.snap on /snap/snap-store/582 type squashfs (ro,nodev,relatime,errors=continue,x-gdu.hide)
/var/lib/snapd/snaps/snapd_16292.snap on /snap/snapd/16292 type squashfs (ro,nodev,relatime,errors=continue,x-gdu.hide)
/var/lib/snapd/snaps/firefox_1635.snap on /snap/firefox/1635 type squashfs (ro,nodev,relatime,errors=continue,x-gdu.hide)
/var/lib/snapd/snaps/core20_1587.snap on /snap/core20/1587 type squashfs (ro,nodev,relatime,errors=continue,x-gdu.hide)
/dev/sda1 on /boot/efi type vfat (rw,relatime,fmask=0077,dmask=0077,codepage=437,iocharset=iso8859-1,shortname=mixed,errors=remount-ro)
tmpfs on /run/snapd/ns type tmpfs (rw,nosuid,nodev,noexec,relatime,size=393632k,mode=755,inode64)
nsfs on /run/snapd/ns/snapd-desktop-integration.mnt type nsfs (rw)
tmpfs on /run/user/1000 type tmpfs (rw,nosuid,nodev,relatime,size=393628k,nr_inodes=98407,mode=700,uid=1000,gid=1000,inode64)
gvfsd-fuse on /run/user/1000/gvfs type fuse.gvfsd-fuse (rw,nosuid,nodev,relatime,user_id=1000,group_id=1000)
portal on /run/user/1000/doc type fuse.portal (rw,nosuid,nodev,relatime,user_id=1000,group_id=1000)
nsfs on /run/snapd/ns/firefox.mnt type nsfs (rw)
/var/lib/snapd/snaps/snapd_17336.snap on /snap/snapd/17336 type squashfs (ro,nodev,relatime,errors=continue,x-gdu.hide)
binfmt_misc on /proc/sys/fs/binfmt_misc type binfmt_misc (rw,nosuid,nodev,noexec,relatime)
/var/lib/snapd/snaps/core20_1695.snap on /snap/core20/1695 type squashfs (ro,nodev,relatime,errors=continue,x-gdu.hide)
/var/lib/snapd/snaps/snap-store_599.snap on /snap/snap-store/599 type squashfs (ro,nodev,relatime,errors=continue,x-gdu.hide)
/var/lib/snapd/snaps/gnome-3-38-2004_119.snap on /snap/gnome-3-38-2004/119 type squashfs (ro,nodev,relatime,errors=continue,x-gdu.hide)
nsfs on /run/snapd/ns/snap-store.mnt type nsfs (rw)
pool_for_zfs on /pool_for_zfs type zfs (rw,xattr,noacl)
/dev/sdc on /media/amjed/ext4 type ext4 (rw,nosuid,nodev,relatime,errors=remount-ro,uhelper=udisks2)
Monday 14 November 2022 07:04:19 PM IST
>>>>>memory
MemTotal:        3936284 kB
MemFree:          429556 kB
MemAvailable:     715480 kB
Buffers:            5636 kB
Cached:           819376 kB
SwapCached:        21096 kB
Active:           662104 kB
Inactive:        1399096 kB
Active(anon):     420228 kB
Inactive(anon):  1196272 kB
Active(file):     241876 kB
Inactive(file):   202824 kB
Unevictable:       80648 kB
Mlocked:              16 kB
SwapTotal:       4077564 kB
SwapFree:        3573800 kB
Dirty:               132 kB
Writeback:            12 kB
AnonPages:       1302992 kB
Mapped:           285308 kB
Shmem:            380160 kB
KReclaimable:     108032 kB
Slab:             230636 kB
SReclaimable:     108032 kB
SUnreclaim:       122604 kB
KernelStack:       14592 kB
PageTables:        31056 kB
NFS_Unstable:          0 kB
Bounce:                0 kB
WritebackTmp:          0 kB
CommitLimit:     6045704 kB
Committed_AS:    7275180 kB
VmallocTotal:   34359738367 kB
VmallocUsed:      110060 kB
VmallocChunk:          0 kB
Percpu:             4144 kB
HardwareCorrupted:     0 kB
AnonHugePages:         0 kB
ShmemHugePages:        0 kB
ShmemPmdMapped:        0 kB
FileHugePages:         0 kB
FilePmdMapped:         0 kB
HugePages_Total:       0
HugePages_Free:        0
HugePages_Rsvd:        0
HugePages_Surp:        0
Hugepagesize:       2048 kB
Hugetlb:               0 kB
DirectMap4k:      392204 kB
DirectMap2M:     3719168 kB
DirectMap1G:           0 kB
               total        used        free      shared  buff/cache   available
Mem:         3936284     2573588      429556      380160      933140      715560
Low:         3936284     3506728      429556
High:              0           0           0
Swap:        4077564      503764     3573800
Monday 14 November 2022 07:04:19 PM IST
>>>>>ps -ef | grep -i vdb
root       42020   36057  0 19:04 pts/2    00:00:00 sudo ./vdbench -f workload2 anchor=/media/amjed/ext4
root       42021   42020  0 19:04 pts/3    00:00:00 sudo ./vdbench -f workload2 anchor=/media/amjed/ext4
root       42022   42021  0 19:04 pts/3    00:00:00 /bin/bash ./vdbench -f workload2 anchor=/media/amjed/ext4
root       42024   42022 44 19:04 pts/3    00:00:01 java -client -Xmx512m -Xms64m -cp ./:./classes:./vdbench.jar Vdb.Vdbmain -f workload2 anchor=/media/amjed/ext4
root       42049   42024  0 19:04 pts/3    00:00:00 /bin/bash /home/amjed/vdbench/vdbench SlaveJvm -m localhost -n localhost-10-221114-19.04.18.033 -l localhost-0 -p 5570
root       42053   42049 47 19:04 pts/3    00:00:00 java -client -Xmx1024m -Xms128m -cp /home/amjed/vdbench/:/home/amjed/vdbench/classes:/home/amjed/vdbench/vdbench.jar Vdb.SlaveJvm SlaveJvm -m localhost -n localhost-10-221114-19.04.18.033 -l localhost-0 -p 5570
root       42086   42024  0 19:04 pts/3    00:00:00 /bin/bash /home/amjed/vdbench/linux/config.sh -o /home/amjed/vdbench/output localhost
root       42103   42086  0 19:04 pts/3    00:00:00 grep -i vdb

